[[1;34mINFO[m] Scanning for projects...
[[1;34mINFO[m] 
[[1;34mINFO[m] [1m----------------------< [0;36mcom.csi:security-sociale[0;1m >----------------------[m
[[1;34mINFO[m] [1mBuilding security-sociale 0.0.1-SNAPSHOT[m
[[1;34mINFO[m] [1m--------------------------------[ jar ]---------------------------------[m
[[1;34mINFO[m] 
[[1;34mINFO[m] [1m>>> [0;32mspring-boot-maven-plugin:3.2.5:run[m [1m(default-cli)[0;1m > [0;1mtest-compile[m @ [36msecurity-sociale[0;1m >>>[m
[[1;34mINFO[m] 
[[1;34mINFO[m] [1m--- [0;32mmaven-resources-plugin:3.3.1:resources[m [1m(default-resources)[m @ [36msecurity-sociale[0;1m ---[m
[[1;34mINFO[m] Copying 1 resource from src/main/resources to target/classes
[[1;34mINFO[m] Copying 1 resource from src/main/resources to target/classes
[[1;34mINFO[m] 
[[1;34mINFO[m] [1m--- [0;32mmaven-compiler-plugin:3.11.0:compile[m [1m(default-compile)[m @ [36msecurity-sociale[0;1m ---[m
[[1;34mINFO[m] Nothing to compile - all classes are up to date
[[1;34mINFO[m] 
[[1;34mINFO[m] [1m--- [0;32mmaven-resources-plugin:3.3.1:testResources[m [1m(default-testResources)[m @ [36msecurity-sociale[0;1m ---[m
[[1;34mINFO[m] skip non existing resourceDirectory /home/fedjio/Desktop/PROJECTS/Project_CSI/backend/src/test/resources
[[1;34mINFO[m] 
[[1;34mINFO[m] [1m--- [0;32mmaven-compiler-plugin:3.11.0:testCompile[m [1m(default-testCompile)[m @ [36msecurity-sociale[0;1m ---[m
[[1;34mINFO[m] No sources to compile
[[1;34mINFO[m] 
[[1;34mINFO[m] [1m<<< [0;32mspring-boot-maven-plugin:3.2.5:run[m [1m(default-cli)[0;1m < [0;1mtest-compile[m @ [36msecurity-sociale[0;1m <<<[m
[[1;34mINFO[m] 
[[1;34mINFO[m] 
[[1;34mINFO[m] [1m--- [0;32mspring-boot-maven-plugin:3.2.5:run[m [1m(default-cli)[m @ [36msecurity-sociale[0;1m ---[m
[[1;34mINFO[m] Attaching agents: []

  .   ____          _            __ _ _
 /\\ / ___'_ __ _ _(_)_ __  __ _ \ \ \ \
( ( )\___ | '_ | '_| | '_ \/ _` | \ \ \ \
 \\/  ___)| |_)| | | | | || (_| |  ) ) ) )
  '  |____| .__|_| |_|_| |_\__, | / / / /
 =========|_|==============|___/=/_/_/_/
 :: Spring Boot ::                (v3.2.5)

2026-05-27T16:55:04.017+01:00  INFO 61775 --- [           main] c.c.s.SecuritySocialeApplication         : Starting SecuritySocialeApplication using Java 21.0.10 with PID 61775 (/home/fedjio/Desktop/PROJECTS/Project_CSI/backend/target/classes started by fedjio in /home/fedjio/Desktop/PROJECTS/Project_CSI/backend)
2026-05-27T16:55:04.021+01:00  INFO 61775 --- [           main] c.c.s.SecuritySocialeApplication         : No active profile set, falling back to 1 default profile: "default"
2026-05-27T16:55:05.144+01:00  INFO 61775 --- [           main] .s.d.r.c.RepositoryConfigurationDelegate : Bootstrapping Spring Data JPA repositories in DEFAULT mode.
2026-05-27T16:55:05.211+01:00  INFO 61775 --- [           main] .s.d.r.c.RepositoryConfigurationDelegate : Finished Spring Data repository scanning in 59 ms. Found 7 JPA repository interfaces.
2026-05-27T16:55:05.786+01:00  INFO 61775 --- [           main] o.s.b.w.embedded.tomcat.TomcatWebServer  : Tomcat initialized with port 8080 (http)
2026-05-27T16:55:05.799+01:00  INFO 61775 --- [           main] o.apache.catalina.core.StandardService   : Starting service [Tomcat]
2026-05-27T16:55:05.800+01:00  INFO 61775 --- [           main] o.apache.catalina.core.StandardEngine    : Starting Servlet engine: [Apache Tomcat/10.1.20]
2026-05-27T16:55:05.846+01:00  INFO 61775 --- [           main] o.a.c.c.C.[Tomcat].[localhost].[/]       : Initializing Spring embedded WebApplicationContext
2026-05-27T16:55:05.847+01:00  INFO 61775 --- [           main] w.s.c.ServletWebServerApplicationContext : Root WebApplicationContext: initialization completed in 1722 ms
2026-05-27T16:55:05.953+01:00  INFO 61775 --- [           main] com.zaxxer.hikari.HikariDataSource       : HikariPool-1 - Starting...
2026-05-27T16:55:06.325+01:00  INFO 61775 --- [           main] com.zaxxer.hikari.pool.HikariPool        : HikariPool-1 - Added connection conn0: url=jdbc:h2:file:./data/security_sociale user=SA
2026-05-27T16:55:06.327+01:00  INFO 61775 --- [           main] com.zaxxer.hikari.HikariDataSource       : HikariPool-1 - Start completed.
2026-05-27T16:55:06.435+01:00  INFO 61775 --- [           main] o.hibernate.jpa.internal.util.LogHelper  : HHH000204: Processing PersistenceUnitInfo [name: default]
2026-05-27T16:55:06.505+01:00  INFO 61775 --- [           main] org.hibernate.Version                    : HHH000412: Hibernate ORM core version 6.4.4.Final
2026-05-27T16:55:06.537+01:00  INFO 61775 --- [           main] o.h.c.internal.RegionFactoryInitiator    : HHH000026: Second-level cache disabled
2026-05-27T16:55:06.735+01:00  INFO 61775 --- [           main] o.s.o.j.p.SpringPersistenceUnitInfo      : No LoadTimeWeaver setup: ignoring JPA class transformer
2026-05-27T16:55:06.784+01:00  WARN 61775 --- [           main] org.hibernate.orm.deprecation            : HHH90000025: H2Dialect does not need to be specified explicitly using 'hibernate.dialect' (remove the property setting and it will be selected by default)
2026-05-27T16:55:07.929+01:00  INFO 61775 --- [           main] o.h.e.t.j.p.i.JtaPlatformInitiator       : HHH000489: No JTA platform available (set 'hibernate.transaction.jta.platform' to enable JTA platform integration)
Hibernate: 
    create table consultations (
        id bigint generated by default as identity,
        date timestamp(6) not null,
        motif varchar(255) not null,
        observations TEXT,
        doctor_id bigint not null,
        patient_id bigint not null,
        primary key (id)
    )
Hibernate: 
    create table doctors (
        id bigint generated by default as identity,
        is_insured boolean,
        matricule varchar(50) not null,
        specialty varchar(50) not null,
        user_id bigint,
        primary key (id)
    )
Hibernate: 
    create table feuilles_maladie (
        id bigint generated by default as identity,
        date timestamp(6) not null,
        status varchar(50) not null,
        consultation_id bigint not null,
        primary key (id)
    )
Hibernate: 
    create table patients (
        id bigint generated by default as identity,
        emergency_contact varchar(100),
        social_security_number varchar(50) not null,
        medecin_traitant_id bigint,
        user_id bigint,
        primary key (id)
    )
Hibernate: 
    create table prescription_medicaments (
        id bigint generated by default as identity,
        dosage varchar(100) not null,
        duration_days integer not null,
        name varchar(100) not null,
        prescription_id bigint not null,
        primary key (id)
    )
Hibernate: 
    create table prescription_specialists (
        id bigint generated by default as identity,
        reason varchar(255) not null,
        specialty_needed varchar(50) not null,
        prescription_id bigint not null,
        referred_doctor_id bigint,
        primary key (id)
    )
Hibernate: 
    create table prescriptions (
        id bigint generated by default as identity,
        consultation_id bigint not null,
        primary key (id)
    )
Hibernate: 
    create table remboursements (
        id bigint generated by default as identity,
        amount float(53) not null,
        bank_account varchar(100),
        method varchar(50) not null,
        rate integer not null,
        status varchar(50) not null,
        feuille_maladie_id bigint not null,
        primary key (id)
    )
Hibernate: 
    create table user_roles (
        user_id bigint not null,
        role varchar(255)
    )
Hibernate: 
    create table users (
        id bigint generated by default as identity,
        email varchar(100) not null,
        first_name varchar(100) not null,
        gender varchar(10) not null,
        last_name varchar(100) not null,
        password varchar(255) not null,
        primary key (id)
    )
Hibernate: 
    alter table if exists doctors 
       drop constraint if exists UK_byk4snck44g673n6235cob6jl
Hibernate: 
    alter table if exists doctors 
       add constraint UK_byk4snck44g673n6235cob6jl unique (matricule)
Hibernate: 
    alter table if exists doctors 
       drop constraint if exists UK_t1f6cueqyjwx5ghew9ar1exe3
Hibernate: 
    alter table if exists doctors 
       add constraint UK_t1f6cueqyjwx5ghew9ar1exe3 unique (user_id)
Hibernate: 
    alter table if exists feuilles_maladie 
       drop constraint if exists UK_55ycuylpu4govscavktf6a5ua
Hibernate: 
    alter table if exists feuilles_maladie 
       add constraint UK_55ycuylpu4govscavktf6a5ua unique (consultation_id)
Hibernate: 
    alter table if exists patients 
       drop constraint if exists UK_e7hd72yup1nistlbj4yge5oyk
Hibernate: 
    alter table if exists patients 
       add constraint UK_e7hd72yup1nistlbj4yge5oyk unique (social_security_number)
Hibernate: 
    alter table if exists patients 
       drop constraint if exists UK_9tbsl3fmey0eofbm2xj69v4qs
Hibernate: 
    alter table if exists patients 
       add constraint UK_9tbsl3fmey0eofbm2xj69v4qs unique (user_id)
Hibernate: 
    alter table if exists prescriptions 
       drop constraint if exists UK_q3b3bb5c0v622b426g7lxrglg
Hibernate: 
    alter table if exists prescriptions 
       add constraint UK_q3b3bb5c0v622b426g7lxrglg unique (consultation_id)
Hibernate: 
    alter table if exists remboursements 
       drop constraint if exists UK_366km3jqkhqyfhxmwu8ku2l5j
Hibernate: 
    alter table if exists remboursements 
       add constraint UK_366km3jqkhqyfhxmwu8ku2l5j unique (feuille_maladie_id)
Hibernate: 
    alter table if exists users 
       drop constraint if exists UK_6dotkott2kjsp8vw4d0m25fb7
Hibernate: 
    alter table if exists users 
       add constraint UK_6dotkott2kjsp8vw4d0m25fb7 unique (email)
Hibernate: 
    alter table if exists consultations 
       add constraint FKjmv9dug68njljwof0eep0jrm 
       foreign key (doctor_id) 
       references doctors
Hibernate: 
    alter table if exists consultations 
       add constraint FKdqyibd6w1h5h66xn9aqx7fwv5 
       foreign key (patient_id) 
       references patients
Hibernate: 
    alter table if exists doctors 
       add constraint FKe9pf5qtxxkdyrwibaevo9frtk 
       foreign key (user_id) 
       references users
Hibernate: 
    alter table if exists feuilles_maladie 
       add constraint FKo3hq3pf4ef7pj87ubpwv9n2p 
       foreign key (consultation_id) 
       references consultations
Hibernate: 
    alter table if exists patients 
       add constraint FKih9pc1btj9afs4gtdrx7g6j6n 
       foreign key (medecin_traitant_id) 
       references doctors
Hibernate: 
    alter table if exists patients 
       add constraint FKuwca24wcd1tg6pjex8lmc0y7 
       foreign key (user_id) 
       references users
Hibernate: 
    alter table if exists prescription_medicaments 
       add constraint FKgvj9no0pi7tu85p2sqyqe1h8t 
       foreign key (prescription_id) 
       references prescriptions
Hibernate: 
    alter table if exists prescription_specialists 
       add constraint FKfgshosq4e4x333qf74ipwfbqc 
       foreign key (prescription_id) 
       references prescriptions
Hibernate: 
    alter table if exists prescription_specialists 
       add constraint FK9cf7xnjw08wl4ra6si2dpu3jc 
       foreign key (referred_doctor_id) 
       references doctors
Hibernate: 
    alter table if exists prescriptions 
       add constraint FKj6varr98psv2onkoxks6jin14 
       foreign key (consultation_id) 
       references consultations
Hibernate: 
    alter table if exists remboursements 
       add constraint FKbxg238eb16ljda4xqk0lsyvv9 
       foreign key (feuille_maladie_id) 
       references feuilles_maladie
Hibernate: 
    alter table if exists user_roles 
       add constraint FKhfh9dx7w3ubf1co1vdev94g3f 
       foreign key (user_id) 
       references users
2026-05-27T16:55:08.145+01:00  INFO 61775 --- [           main] j.LocalContainerEntityManagerFactoryBean : Initialized JPA EntityManagerFactory for persistence unit 'default'
2026-05-27T16:55:08.941+01:00  INFO 61775 --- [           main] o.s.d.j.r.query.QueryEnhancerFactory     : Hibernate is in classpath; If applicable, HQL parser will be used.
2026-05-27T16:55:09.983+01:00  WARN 61775 --- [           main] JpaBaseConfiguration$JpaWebConfiguration : spring.jpa.open-in-view is enabled by default. Therefore, database queries may be performed during view rendering. Explicitly configure spring.jpa.open-in-view to disable this warning
2026-05-27T16:55:10.520+01:00  INFO 61775 --- [           main] o.s.s.web.DefaultSecurityFilterChain     : Will secure any request with [org.springframework.security.web.session.DisableEncodeUrlFilter@53d0cf4d, org.springframework.security.web.context.request.async.WebAsyncManagerIntegrationFilter@3c6c87fa, org.springframework.security.web.context.SecurityContextHolderFilter@29cd48bd, org.springframework.security.web.header.HeaderWriterFilter@6ba3eee9, org.springframework.web.filter.CorsFilter@d7645b2, org.springframework.security.web.authentication.logout.LogoutFilter@6dd0e2f4, com.csi.securitysociale.security.JwtAuthenticationFilter@4769e70c, org.springframework.security.web.savedrequest.RequestCacheAwareFilter@64b262a7, org.springframework.security.web.servletapi.SecurityContextHolderAwareRequestFilter@771c4015, org.springframework.security.web.authentication.AnonymousAuthenticationFilter@72e4905c, org.springframework.security.web.session.SessionManagementFilter@40941b54, org.springframework.security.web.access.ExceptionTranslationFilter@527e6bd3, org.springframework.security.web.access.intercept.AuthorizationFilter@2459715c]
2026-05-27T16:55:11.100+01:00  INFO 61775 --- [           main] o.s.b.w.embedded.tomcat.TomcatWebServer  : Tomcat started on port 8080 (http) with context path ''
2026-05-27T16:55:11.146+01:00  INFO 61775 --- [           main] c.c.s.SecuritySocialeApplication         : Started SecuritySocialeApplication in 7.6 seconds (process running for 7.941)
2026-05-27T16:56:47.811+01:00  INFO 61775 --- [nio-8080-exec-1] o.a.c.c.C.[Tomcat].[localhost].[/]       : Initializing Spring DispatcherServlet 'dispatcherServlet'
2026-05-27T16:56:47.812+01:00  INFO 61775 --- [nio-8080-exec-1] o.s.web.servlet.DispatcherServlet        : Initializing Servlet 'dispatcherServlet'
2026-05-27T16:56:47.818+01:00  INFO 61775 --- [nio-8080-exec-1] o.s.web.servlet.DispatcherServlet        : Completed initialization in 5 ms
Hibernate: 
    select
        u1_0.id,
        u1_0.email,
        u1_0.first_name,
        u1_0.gender,
        u1_0.last_name,
        u1_0.password 
    from
        users u1_0 
    where
        u1_0.email=?
Hibernate: 
    select
        u1_0.id,
        u1_0.email,
        u1_0.first_name,
        u1_0.gender,
        u1_0.last_name,
        u1_0.password 
    from
        users u1_0 
    where
        u1_0.email=?
[[1;34mINFO[m] [1m------------------------------------------------------------------------[m
[[1;34mINFO[m] [1;31mBUILD FAILURE[m
[[1;34mINFO[m] [1m------------------------------------------------------------------------[m
[[1;34mINFO[m] Total time:  03:23 min
[[1;34mINFO[m] Finished at: 2026-05-27T16:58:25+01:00
[[1;34mINFO[m] [1m------------------------------------------------------------------------[m
[[1;31mERROR[m] Failed to execute goal [32morg.springframework.boot:spring-boot-maven-plugin:3.2.5:run[m [1m(default-cli)[m on project [36msecurity-sociale[m: [1;31mProcess terminated with exit code: 137[m -> [1m[Help 1][m
[[1;31mERROR[m] 
[[1;31mERROR[m] To see the full stack trace of the errors, re-run Maven with the [1m-e[m switch.
[[1;31mERROR[m] Re-run Maven using the [1m-X[m switch to enable full debug logging.
[[1;31mERROR[m] 
[[1;31mERROR[m] For more information about the errors and possible solutions, please read the following articles:
[[1;31mERROR[m] [1m[Help 1][m http://cwiki.apache.org/confluence/display/MAVEN/MojoExecutionException
